// Jest Snapshot v1, https://goo.gl/fbAQLP

exports[`MyComponent should render correctly in "debug" mode 1`] = `
<div
  className="App"
>
  <h1
    className="responsive-header"
  >
    Responsive With
  </h1>
  <h1
    className="scss-container"
  >
    SCSS 
  </h1>
  <table
    className="table-element"
  >
    <tr>
      <th>
        Month
      </th>
      <th>
        Savings
      </th>
    </tr>
    <tr>
      <td>
        January
      </td>
      <td>
        $100
      </td>
    </tr>
    <tr>
      <td>
        February
      </td>
      <td>
        $501
      </td>
    </tr>
  </table>
</div>
`;
